// Jest Snapshot v1, https://goo.gl/fbAQLP

exports[`denormalize denormalizes entities 1`] = `
Array [
  Object {
    "id": 1,
    "type": "foo",
  },
  Object {
    "id": 2,
    "type": "bar",
  },
]
`;

exports[`denormalize denormalizes nested entities 1`] = `
Object {
  "author": Object {
    "id": "8472",
    "name": "Paul",
  },
  "body": "This article is great.",
  "comments": Array [
    Object {
      "comment": "I like it!",
      "id": "comment-123-4738",
      "user": Object {
        "id": "10293",
        "name": "Jane",
      },
    },
  ],
  "id": "123",
  "title": "A Great Article",
}
`;

exports[`denormalize denormalizes with function as idAttribute 1`] = `
Array [
  Object {
    "guest": null,
    "id": "1",
    "name": "Esther",
  },
  Object {
    "guest": Object {
      "guest_id": 1,
    },
    "id": "2",
    "name": "Tom",
  },
]
`;

exports[`denormalize set to undefined if schema key is not in entities 1`] = `
Object {
  "author": undefined,
  "comments": Array [
    Object {
      "user": undefined,
    },
  ],
  "id": "123",
}
`;
